2024-11-25 16:35:06,834 CRIT Supervisor is running as root.  Privileges were not dropped because no user is specified in the config file.  If you intend to run as root, you can set user=root in the config file to avoid this message.
2024-11-25 16:35:06,839 INFO supervisord started with pid 1
2024-11-25 16:35:07,841 INFO spawned: 'nginx' with pid 7
2024-11-25 16:35:07,844 INFO spawned: 'php-fpm' with pid 8
2024-11-25 16:35:08,877 INFO success: nginx entered RUNNING state, process has stayed up for > than 1 seconds (startsecs)
2024-11-25 16:35:08,878 INFO success: php-fpm entered RUNNING state, process has stayed up for > than 1 seconds (startsecs)
2024-11-25 16:38:59,917 WARN received SIGQUIT indicating exit request
2024-11-25 16:38:59,921 INFO waiting for nginx, php-fpm to die
2024-11-25 16:39:00,934 INFO stopped: php-fpm (exit status 0)
2024-11-25 16:39:00,943 INFO stopped: nginx (exit status 0)
2024-11-25 16:39:10,209 CRIT Supervisor is running as root.  Privileges were not dropped because no user is specified in the config file.  If you intend to run as root, you can set user=root in the config file to avoid this message.
2024-11-25 16:39:10,212 INFO supervisord started with pid 1
2024-11-25 16:39:11,213 INFO spawned: 'nginx' with pid 7
2024-11-25 16:39:11,216 INFO spawned: 'php-fpm' with pid 8
2024-11-25 16:39:12,242 INFO success: nginx entered RUNNING state, process has stayed up for > than 1 seconds (startsecs)
2024-11-25 16:39:12,243 INFO success: php-fpm entered RUNNING state, process has stayed up for > than 1 seconds (startsecs)
2024-11-25 16:39:28,296 WARN received SIGQUIT indicating exit request
2024-11-25 16:39:28,298 INFO waiting for nginx, php-fpm to die
2024-11-25 16:39:29,314 INFO stopped: php-fpm (exit status 0)
2024-11-25 16:39:29,319 INFO stopped: nginx (exit status 0)
2024-11-25 16:39:29,664 CRIT Supervisor is running as root.  Privileges were not dropped because no user is specified in the config file.  If you intend to run as root, you can set user=root in the config file to avoid this message.
2024-11-25 16:39:29,665 INFO supervisord started with pid 1
2024-11-25 16:39:30,671 INFO spawned: 'nginx' with pid 7
2024-11-25 16:39:30,674 INFO spawned: 'php-fpm' with pid 8
2024-11-25 16:39:31,719 INFO success: nginx entered RUNNING state, process has stayed up for > than 1 seconds (startsecs)
2024-11-25 16:39:31,720 INFO success: php-fpm entered RUNNING state, process has stayed up for > than 1 seconds (startsecs)
2024-11-25 16:40:58,080 WARN received SIGQUIT indicating exit request
2024-11-25 16:40:58,083 INFO waiting for nginx, php-fpm to die
2024-11-25 16:40:59,107 INFO stopped: php-fpm (exit status 0)
2024-11-25 16:40:59,113 INFO stopped: nginx (exit status 0)
2024-11-25 16:40:59,427 CRIT Supervisor is running as root.  Privileges were not dropped because no user is specified in the config file.  If you intend to run as root, you can set user=root in the config file to avoid this message.
2024-11-25 16:40:59,428 INFO supervisord started with pid 1
2024-11-25 16:41:00,435 INFO spawned: 'nginx' with pid 6
2024-11-25 16:41:00,440 INFO spawned: 'php-fpm' with pid 7
2024-11-25 16:41:01,480 INFO success: nginx entered RUNNING state, process has stayed up for > than 1 seconds (startsecs)
2024-11-25 16:41:01,481 INFO success: php-fpm entered RUNNING state, process has stayed up for > than 1 seconds (startsecs)
2024-11-25 16:41:03,489 WARN received SIGQUIT indicating exit request
2024-11-25 16:41:03,490 INFO waiting for nginx, php-fpm to die
2024-11-25 16:41:03,498 INFO stopped: php-fpm (exit status 0)
2024-11-25 16:41:03,500 INFO stopped: nginx (exit status 0)
2024-11-25 16:41:04,170 CRIT Supervisor is running as root.  Privileges were not dropped because no user is specified in the config file.  If you intend to run as root, you can set user=root in the config file to avoid this message.
2024-11-25 16:41:04,172 INFO supervisord started with pid 1
2024-11-25 16:41:05,182 INFO spawned: 'nginx' with pid 7
2024-11-25 16:41:05,187 INFO spawned: 'php-fpm' with pid 8
2024-11-25 16:41:06,212 INFO success: nginx entered RUNNING state, process has stayed up for > than 1 seconds (startsecs)
2024-11-25 16:41:06,213 INFO success: php-fpm entered RUNNING state, process has stayed up for > than 1 seconds (startsecs)
2024-11-25 16:43:43,672 WARN received SIGQUIT indicating exit request
2024-11-25 16:43:43,674 INFO waiting for nginx, php-fpm to die
2024-11-25 16:43:43,684 INFO stopped: php-fpm (exit status 0)
2024-11-25 16:43:43,687 INFO stopped: nginx (exit status 0)
2024-11-25 16:43:44,130 CRIT Supervisor is running as root.  Privileges were not dropped because no user is specified in the config file.  If you intend to run as root, you can set user=root in the config file to avoid this message.
2024-11-25 16:43:44,138 INFO supervisord started with pid 1
2024-11-25 16:43:45,141 INFO spawned: 'nginx' with pid 6
2024-11-25 16:43:45,146 INFO spawned: 'php-fpm' with pid 8
2024-11-25 16:43:46,173 INFO success: nginx entered RUNNING state, process has stayed up for > than 1 seconds (startsecs)
2024-11-25 16:43:46,174 INFO success: php-fpm entered RUNNING state, process has stayed up for > than 1 seconds (startsecs)
2024-11-25 17:05:52,682 WARN received SIGQUIT indicating exit request
2024-11-25 17:05:52,687 INFO waiting for nginx, php-fpm to die
2024-11-25 17:05:53,721 INFO stopped: php-fpm (exit status 0)
2024-11-25 17:05:53,730 INFO stopped: nginx (exit status 0)
2024-11-25 17:05:54,263 CRIT Supervisor is running as root.  Privileges were not dropped because no user is specified in the config file.  If you intend to run as root, you can set user=root in the config file to avoid this message.
2024-11-25 17:05:54,265 INFO supervisord started with pid 1
2024-11-25 17:05:55,269 INFO spawned: 'nginx' with pid 31
2024-11-25 17:05:55,271 INFO spawned: 'php-fpm' with pid 32
2024-11-25 17:05:56,306 INFO success: nginx entered RUNNING state, process has stayed up for > than 1 seconds (startsecs)
2024-11-25 17:05:56,306 INFO success: php-fpm entered RUNNING state, process has stayed up for > than 1 seconds (startsecs)
2024-11-25 17:07:01,434 WARN received SIGQUIT indicating exit request
2024-11-25 17:07:01,437 INFO waiting for nginx, php-fpm to die
2024-11-25 17:07:02,462 INFO stopped: php-fpm (exit status 0)
2024-11-25 17:07:02,468 INFO stopped: nginx (exit status 0)
2024-11-25 17:07:02,965 CRIT Supervisor is running as root.  Privileges were not dropped because no user is specified in the config file.  If you intend to run as root, you can set user=root in the config file to avoid this message.
2024-11-25 17:07:02,967 INFO supervisord started with pid 1
2024-11-25 17:07:03,972 INFO spawned: 'nginx' with pid 31
2024-11-25 17:07:03,975 INFO spawned: 'php-fpm' with pid 32
2024-11-25 17:07:05,009 INFO success: nginx entered RUNNING state, process has stayed up for > than 1 seconds (startsecs)
2024-11-25 17:07:05,010 INFO success: php-fpm entered RUNNING state, process has stayed up for > than 1 seconds (startsecs)
2024-11-25 17:15:27,181 WARN received SIGQUIT indicating exit request
2024-11-25 17:15:27,189 INFO waiting for nginx, php-fpm to die
2024-11-25 17:15:28,232 INFO stopped: php-fpm (exit status 0)
2024-11-25 17:15:28,253 INFO stopped: nginx (exit status 0)
2024-11-25 17:15:29,026 CRIT Supervisor is running as root.  Privileges were not dropped because no user is specified in the config file.  If you intend to run as root, you can set user=root in the config file to avoid this message.
2024-11-25 17:15:29,028 INFO supervisord started with pid 1
2024-11-25 17:15:30,031 INFO spawned: 'nginx' with pid 31
2024-11-25 17:15:30,033 INFO spawned: 'php-fpm' with pid 32
2024-11-25 17:15:31,090 INFO success: nginx entered RUNNING state, process has stayed up for > than 1 seconds (startsecs)
2024-11-25 17:15:31,091 INFO success: php-fpm entered RUNNING state, process has stayed up for > than 1 seconds (startsecs)
2024-11-25 17:19:41,573 WARN received SIGQUIT indicating exit request
2024-11-25 17:19:41,581 INFO waiting for nginx, php-fpm to die
2024-11-25 17:19:42,605 INFO stopped: php-fpm (exit status 0)
2024-11-25 17:19:42,614 INFO stopped: nginx (exit status 0)
2024-11-25 17:19:43,089 CRIT Supervisor is running as root.  Privileges were not dropped because no user is specified in the config file.  If you intend to run as root, you can set user=root in the config file to avoid this message.
2024-11-25 17:19:43,090 INFO supervisord started with pid 1
2024-11-25 17:19:44,094 INFO spawned: 'nginx' with pid 31
2024-11-25 17:19:44,099 INFO spawned: 'php-fpm' with pid 32
2024-11-25 17:19:45,181 INFO success: nginx entered RUNNING state, process has stayed up for > than 1 seconds (startsecs)
2024-11-25 17:19:45,182 INFO success: php-fpm entered RUNNING state, process has stayed up for > than 1 seconds (startsecs)
2024-11-25 17:20:59,230 WARN received SIGQUIT indicating exit request
2024-11-25 17:20:59,232 INFO waiting for nginx, php-fpm to die
2024-11-25 17:21:00,247 INFO stopped: php-fpm (exit status 0)
2024-11-25 17:21:00,258 INFO stopped: nginx (exit status 0)
2024-11-25 17:21:00,907 CRIT Supervisor is running as root.  Privileges were not dropped because no user is specified in the config file.  If you intend to run as root, you can set user=root in the config file to avoid this message.
2024-11-25 17:21:00,909 INFO supervisord started with pid 1
2024-11-25 17:21:01,913 INFO spawned: 'nginx' with pid 30
2024-11-25 17:21:01,919 INFO spawned: 'php-fpm' with pid 31
2024-11-25 17:21:02,964 INFO success: nginx entered RUNNING state, process has stayed up for > than 1 seconds (startsecs)
2024-11-25 17:21:02,964 INFO success: php-fpm entered RUNNING state, process has stayed up for > than 1 seconds (startsecs)
2024-11-25 17:29:18,374 WARN received SIGQUIT indicating exit request
2024-11-25 17:29:18,378 INFO waiting for nginx, php-fpm to die
2024-11-25 17:29:19,403 INFO stopped: php-fpm (exit status 0)
2024-11-25 17:29:19,411 INFO stopped: nginx (exit status 0)
2024-11-25 17:29:20,198 CRIT Supervisor is running as root.  Privileges were not dropped because no user is specified in the config file.  If you intend to run as root, you can set user=root in the config file to avoid this message.
2024-11-25 17:29:20,199 INFO supervisord started with pid 1
2024-11-25 17:29:21,206 INFO spawned: 'nginx' with pid 31
2024-11-25 17:29:21,209 INFO spawned: 'php-fpm' with pid 32
2024-11-25 17:29:22,244 INFO success: nginx entered RUNNING state, process has stayed up for > than 1 seconds (startsecs)
2024-11-25 17:29:22,245 INFO success: php-fpm entered RUNNING state, process has stayed up for > than 1 seconds (startsecs)
2024-11-25 17:31:11,844 WARN received SIGQUIT indicating exit request
2024-11-25 17:31:11,848 INFO waiting for nginx, php-fpm to die
2024-11-25 17:31:12,871 INFO stopped: php-fpm (exit status 0)
2024-11-25 17:31:12,880 INFO stopped: nginx (exit status 0)
2024-11-25 17:31:13,452 CRIT Supervisor is running as root.  Privileges were not dropped because no user is specified in the config file.  If you intend to run as root, you can set user=root in the config file to avoid this message.
2024-11-25 17:31:13,454 INFO supervisord started with pid 1
2024-11-25 17:31:14,459 INFO spawned: 'nginx' with pid 30
2024-11-25 17:31:14,463 INFO spawned: 'php-fpm' with pid 31
2024-11-25 17:31:15,505 INFO success: nginx entered RUNNING state, process has stayed up for > than 1 seconds (startsecs)
2024-11-25 17:31:15,506 INFO success: php-fpm entered RUNNING state, process has stayed up for > than 1 seconds (startsecs)
2024-11-25 17:34:39,617 WARN received SIGQUIT indicating exit request
2024-11-25 17:34:39,619 INFO waiting for nginx, php-fpm to die
2024-11-25 17:34:40,637 INFO stopped: php-fpm (exit status 0)
2024-11-25 17:34:40,645 INFO stopped: nginx (exit status 0)
2024-11-25 17:34:41,177 CRIT Supervisor is running as root.  Privileges were not dropped because no user is specified in the config file.  If you intend to run as root, you can set user=root in the config file to avoid this message.
2024-11-25 17:34:41,180 INFO supervisord started with pid 1
2024-11-25 17:34:42,185 INFO spawned: 'nginx' with pid 31
2024-11-25 17:34:42,189 INFO spawned: 'php-fpm' with pid 32
2024-11-25 17:34:43,221 INFO success: nginx entered RUNNING state, process has stayed up for > than 1 seconds (startsecs)
2024-11-25 17:34:43,223 INFO success: php-fpm entered RUNNING state, process has stayed up for > than 1 seconds (startsecs)
2024-11-25 17:39:19,210 WARN received SIGQUIT indicating exit request
2024-11-25 17:39:19,213 INFO waiting for nginx, php-fpm to die
2024-11-25 17:39:20,239 INFO stopped: php-fpm (exit status 0)
2024-11-25 17:39:20,248 INFO stopped: nginx (exit status 0)
2024-11-25 17:39:20,783 CRIT Supervisor is running as root.  Privileges were not dropped because no user is specified in the config file.  If you intend to run as root, you can set user=root in the config file to avoid this message.
2024-11-25 17:39:20,785 INFO supervisord started with pid 1
2024-11-25 17:39:21,790 INFO spawned: 'nginx' with pid 31
2024-11-25 17:39:21,791 INFO spawned: 'php-fpm' with pid 32
2024-11-25 17:39:22,831 INFO success: nginx entered RUNNING state, process has stayed up for > than 1 seconds (startsecs)
2024-11-25 17:39:22,832 INFO success: php-fpm entered RUNNING state, process has stayed up for > than 1 seconds (startsecs)
2024-11-25 17:43:21,834 WARN received SIGQUIT indicating exit request
2024-11-25 17:43:21,837 INFO waiting for nginx, php-fpm to die
2024-11-25 17:43:22,869 INFO stopped: php-fpm (exit status 0)
2024-11-25 17:43:22,876 INFO stopped: nginx (exit status 0)
2024-11-25 17:43:23,497 CRIT Supervisor is running as root.  Privileges were not dropped because no user is specified in the config file.  If you intend to run as root, you can set user=root in the config file to avoid this message.
2024-11-25 17:43:23,500 INFO supervisord started with pid 1
2024-11-25 17:43:24,507 INFO spawned: 'nginx' with pid 39
2024-11-25 17:43:24,511 INFO spawned: 'php-fpm' with pid 40
2024-11-25 17:43:25,571 INFO success: nginx entered RUNNING state, process has stayed up for > than 1 seconds (startsecs)
2024-11-25 17:43:25,571 INFO success: php-fpm entered RUNNING state, process has stayed up for > than 1 seconds (startsecs)
2024-11-25 17:45:12,036 WARN received SIGQUIT indicating exit request
2024-11-25 17:45:12,039 INFO waiting for nginx, php-fpm to die
2024-11-25 17:45:13,060 INFO stopped: php-fpm (exit status 0)
2024-11-25 17:45:13,069 INFO stopped: nginx (exit status 0)
2024-11-25 17:45:13,608 CRIT Supervisor is running as root.  Privileges were not dropped because no user is specified in the config file.  If you intend to run as root, you can set user=root in the config file to avoid this message.
2024-11-25 17:45:13,609 INFO supervisord started with pid 1
2024-11-25 17:45:14,615 INFO spawned: 'nginx' with pid 43
2024-11-25 17:45:14,618 INFO spawned: 'php-fpm' with pid 44
2024-11-25 17:45:15,653 INFO success: nginx entered RUNNING state, process has stayed up for > than 1 seconds (startsecs)
2024-11-25 17:45:15,654 INFO success: php-fpm entered RUNNING state, process has stayed up for > than 1 seconds (startsecs)
2024-11-25 17:47:51,267 WARN received SIGQUIT indicating exit request
2024-11-25 17:47:51,269 INFO waiting for nginx, php-fpm to die
2024-11-25 17:47:52,282 INFO stopped: php-fpm (exit status 0)
2024-11-25 17:47:52,288 INFO stopped: nginx (exit status 0)
2024-11-25 17:47:52,709 CRIT Supervisor is running as root.  Privileges were not dropped because no user is specified in the config file.  If you intend to run as root, you can set user=root in the config file to avoid this message.
2024-11-25 17:47:52,711 INFO supervisord started with pid 1
2024-11-25 17:47:53,716 INFO spawned: 'nginx' with pid 53
2024-11-25 17:47:53,720 INFO spawned: 'php-fpm' with pid 54
2024-11-25 17:47:54,767 INFO success: nginx entered RUNNING state, process has stayed up for > than 1 seconds (startsecs)
2024-11-25 17:47:54,767 INFO success: php-fpm entered RUNNING state, process has stayed up for > than 1 seconds (startsecs)
2024-11-25 17:50:45,244 WARN received SIGQUIT indicating exit request
2024-11-25 17:50:45,247 INFO waiting for nginx, php-fpm to die
2024-11-25 17:50:46,256 INFO stopped: php-fpm (exit status 0)
2024-11-25 17:50:46,261 INFO stopped: nginx (exit status 0)
2024-11-25 17:50:52,680 CRIT Supervisor is running as root.  Privileges were not dropped because no user is specified in the config file.  If you intend to run as root, you can set user=root in the config file to avoid this message.
2024-11-25 17:50:52,682 INFO supervisord started with pid 1
2024-11-25 17:50:53,685 INFO spawned: 'nginx' with pid 7
2024-11-25 17:50:53,688 INFO spawned: 'php-fpm' with pid 8
2024-11-25 17:50:54,719 INFO success: nginx entered RUNNING state, process has stayed up for > than 1 seconds (startsecs)
2024-11-25 17:50:54,719 INFO success: php-fpm entered RUNNING state, process has stayed up for > than 1 seconds (startsecs)
2024-11-25 17:51:45,866 WARN received SIGQUIT indicating exit request
2024-11-25 17:51:45,870 INFO waiting for nginx, php-fpm to die
2024-11-25 17:51:46,902 INFO stopped: php-fpm (exit status 0)
2024-11-25 17:51:46,908 INFO stopped: nginx (exit status 0)
2024-11-25 20:09:00,406 CRIT Supervisor is running as root.  Privileges were not dropped because no user is specified in the config file.  If you intend to run as root, you can set user=root in the config file to avoid this message.
2024-11-25 20:09:00,408 INFO supervisord started with pid 1
2024-11-25 20:09:01,415 INFO spawned: 'nginx' with pid 7
2024-11-25 20:09:01,418 INFO spawned: 'php-fpm' with pid 8
2024-11-25 20:09:02,509 INFO success: nginx entered RUNNING state, process has stayed up for > than 1 seconds (startsecs)
2024-11-25 20:09:02,510 INFO success: php-fpm entered RUNNING state, process has stayed up for > than 1 seconds (startsecs)
2024-11-25 20:30:11,037 WARN received SIGQUIT indicating exit request
2024-11-25 20:30:11,038 INFO waiting for nginx, php-fpm to die
2024-11-25 20:30:11,052 INFO stopped: php-fpm (exit status 0)
2024-11-25 20:30:11,054 INFO stopped: nginx (exit status 0)
2024-11-25 20:30:11,366 CRIT Supervisor is running as root.  Privileges were not dropped because no user is specified in the config file.  If you intend to run as root, you can set user=root in the config file to avoid this message.
2024-11-25 20:30:11,367 INFO supervisord started with pid 1
2024-11-25 20:30:12,372 INFO spawned: 'nginx' with pid 7
2024-11-25 20:30:12,376 INFO spawned: 'php-fpm' with pid 8
2024-11-25 20:30:13,413 INFO success: nginx entered RUNNING state, process has stayed up for > than 1 seconds (startsecs)
2024-11-25 20:30:13,414 INFO success: php-fpm entered RUNNING state, process has stayed up for > than 1 seconds (startsecs)
2024-11-25 20:34:05,163 WARN received SIGQUIT indicating exit request
2024-11-25 20:34:05,163 INFO waiting for nginx, php-fpm to die
2024-11-25 20:34:05,170 INFO stopped: php-fpm (exit status 0)
2024-11-25 20:34:05,173 INFO stopped: nginx (exit status 0)
2024-11-25 20:34:05,494 CRIT Supervisor is running as root.  Privileges were not dropped because no user is specified in the config file.  If you intend to run as root, you can set user=root in the config file to avoid this message.
2024-11-25 20:34:05,496 INFO supervisord started with pid 1
2024-11-25 20:34:06,500 INFO spawned: 'nginx' with pid 7
2024-11-25 20:34:06,503 INFO spawned: 'php-fpm' with pid 8
2024-11-25 20:34:07,538 INFO success: nginx entered RUNNING state, process has stayed up for > than 1 seconds (startsecs)
2024-11-25 20:34:07,538 INFO success: php-fpm entered RUNNING state, process has stayed up for > than 1 seconds (startsecs)
2024-11-25 21:01:41,310 WARN received SIGQUIT indicating exit request
2024-11-25 21:01:41,312 INFO waiting for nginx, php-fpm to die
2024-11-25 21:01:41,321 INFO stopped: php-fpm (exit status 0)
2024-11-25 21:01:41,324 INFO stopped: nginx (exit status 0)
2024-11-25 21:01:41,674 CRIT Supervisor is running as root.  Privileges were not dropped because no user is specified in the config file.  If you intend to run as root, you can set user=root in the config file to avoid this message.
2024-11-25 21:01:41,676 INFO supervisord started with pid 1
2024-11-25 21:01:42,682 INFO spawned: 'nginx' with pid 7
2024-11-25 21:01:42,686 INFO spawned: 'php-fpm' with pid 8
2024-11-25 21:01:43,722 INFO success: nginx entered RUNNING state, process has stayed up for > than 1 seconds (startsecs)
2024-11-25 21:01:43,723 INFO success: php-fpm entered RUNNING state, process has stayed up for > than 1 seconds (startsecs)
2024-11-25 21:07:17,080 WARN received SIGQUIT indicating exit request
2024-11-25 21:07:17,082 INFO waiting for nginx, php-fpm to die
2024-11-25 21:07:17,086 INFO stopped: php-fpm (exit status 0)
2024-11-25 21:07:17,087 INFO stopped: nginx (exit status 0)
2024-11-25 21:07:17,432 CRIT Supervisor is running as root.  Privileges were not dropped because no user is specified in the config file.  If you intend to run as root, you can set user=root in the config file to avoid this message.
2024-11-25 21:07:17,434 INFO supervisord started with pid 1
2024-11-25 21:07:18,437 INFO spawned: 'nginx' with pid 6
2024-11-25 21:07:18,439 INFO spawned: 'php-fpm' with pid 7
2024-11-25 21:07:19,470 INFO success: nginx entered RUNNING state, process has stayed up for > than 1 seconds (startsecs)
2024-11-25 21:07:19,470 INFO success: php-fpm entered RUNNING state, process has stayed up for > than 1 seconds (startsecs)
2024-11-26 03:39:37,369 WARN received SIGQUIT indicating exit request
2024-11-26 03:39:37,371 INFO waiting for nginx, php-fpm to die
2024-11-26 03:39:37,380 INFO stopped: php-fpm (exit status 0)
2024-11-26 03:39:37,382 INFO stopped: nginx (exit status 0)
2024-11-26 03:39:37,661 CRIT Supervisor is running as root.  Privileges were not dropped because no user is specified in the config file.  If you intend to run as root, you can set user=root in the config file to avoid this message.
2024-11-26 03:39:37,662 INFO supervisord started with pid 1
2024-11-26 03:39:38,666 INFO spawned: 'nginx' with pid 7
2024-11-26 03:39:38,671 INFO spawned: 'php-fpm' with pid 8
2024-11-26 03:39:39,704 INFO success: nginx entered RUNNING state, process has stayed up for > than 1 seconds (startsecs)
2024-11-26 03:39:39,704 INFO success: php-fpm entered RUNNING state, process has stayed up for > than 1 seconds (startsecs)
2024-11-26 03:42:04,555 WARN received SIGQUIT indicating exit request
2024-11-26 03:42:04,555 INFO waiting for nginx, php-fpm to die
2024-11-26 03:42:04,558 INFO stopped: php-fpm (exit status 0)
2024-11-26 03:42:04,559 INFO stopped: nginx (exit status 0)
2024-11-26 03:42:04,864 CRIT Supervisor is running as root.  Privileges were not dropped because no user is specified in the config file.  If you intend to run as root, you can set user=root in the config file to avoid this message.
2024-11-26 03:42:04,865 INFO supervisord started with pid 1
2024-11-26 03:42:05,870 INFO spawned: 'nginx' with pid 7
2024-11-26 03:42:05,872 INFO spawned: 'php-fpm' with pid 8
2024-11-26 03:42:06,904 INFO success: nginx entered RUNNING state, process has stayed up for > than 1 seconds (startsecs)
2024-11-26 03:42:06,904 INFO success: php-fpm entered RUNNING state, process has stayed up for > than 1 seconds (startsecs)
2024-11-26 03:43:23,499 WARN received SIGQUIT indicating exit request
2024-11-26 03:43:23,501 INFO waiting for nginx, php-fpm to die
2024-11-26 03:43:23,510 INFO stopped: php-fpm (exit status 0)
2024-11-26 03:43:23,512 INFO stopped: nginx (exit status 0)
2024-11-26 03:43:23,839 CRIT Supervisor is running as root.  Privileges were not dropped because no user is specified in the config file.  If you intend to run as root, you can set user=root in the config file to avoid this message.
2024-11-26 03:43:23,840 INFO supervisord started with pid 1
2024-11-26 03:43:24,843 INFO spawned: 'nginx' with pid 7
2024-11-26 03:43:24,846 INFO spawned: 'php-fpm' with pid 8
2024-11-26 03:43:25,864 INFO success: nginx entered RUNNING state, process has stayed up for > than 1 seconds (startsecs)
2024-11-26 03:43:25,865 INFO success: php-fpm entered RUNNING state, process has stayed up for > than 1 seconds (startsecs)
2024-11-26 03:46:35,051 WARN received SIGQUIT indicating exit request
2024-11-26 03:46:35,052 INFO waiting for nginx, php-fpm to die
2024-11-26 03:46:35,057 INFO stopped: php-fpm (exit status 0)
2024-11-26 03:46:35,059 INFO stopped: nginx (exit status 0)
2024-11-26 03:46:35,387 CRIT Supervisor is running as root.  Privileges were not dropped because no user is specified in the config file.  If you intend to run as root, you can set user=root in the config file to avoid this message.
2024-11-26 03:46:35,389 INFO supervisord started with pid 1
2024-11-26 03:46:36,396 INFO spawned: 'nginx' with pid 7
2024-11-26 03:46:36,399 INFO spawned: 'php-fpm' with pid 8
2024-11-26 03:46:37,436 INFO success: nginx entered RUNNING state, process has stayed up for > than 1 seconds (startsecs)
2024-11-26 03:46:37,436 INFO success: php-fpm entered RUNNING state, process has stayed up for > than 1 seconds (startsecs)
2024-11-26 03:47:25,568 WARN received SIGQUIT indicating exit request
2024-11-26 03:47:25,569 INFO waiting for nginx, php-fpm to die
2024-11-26 03:47:25,575 INFO stopped: php-fpm (exit status 0)
2024-11-26 03:47:25,576 INFO stopped: nginx (exit status 0)
2024-11-26 03:47:25,885 CRIT Supervisor is running as root.  Privileges were not dropped because no user is specified in the config file.  If you intend to run as root, you can set user=root in the config file to avoid this message.
2024-11-26 03:47:25,887 INFO supervisord started with pid 1
2024-11-26 03:47:26,889 INFO spawned: 'nginx' with pid 7
2024-11-26 03:47:26,891 INFO spawned: 'php-fpm' with pid 8
2024-11-26 03:47:27,913 INFO success: nginx entered RUNNING state, process has stayed up for > than 1 seconds (startsecs)
2024-11-26 03:47:27,913 INFO success: php-fpm entered RUNNING state, process has stayed up for > than 1 seconds (startsecs)
2024-11-26 03:55:29,630 WARN received SIGQUIT indicating exit request
2024-11-26 03:55:29,633 INFO waiting for nginx, php-fpm to die
2024-11-26 03:55:29,639 INFO stopped: php-fpm (exit status 0)
2024-11-26 03:55:29,640 INFO stopped: nginx (exit status 0)
2024-11-26 03:55:29,936 CRIT Supervisor is running as root.  Privileges were not dropped because no user is specified in the config file.  If you intend to run as root, you can set user=root in the config file to avoid this message.
2024-11-26 03:55:29,938 INFO supervisord started with pid 1
2024-11-26 03:55:30,940 INFO spawned: 'nginx' with pid 6
2024-11-26 03:55:30,941 INFO spawned: 'php-fpm' with pid 7
2024-11-26 03:55:31,963 INFO success: nginx entered RUNNING state, process has stayed up for > than 1 seconds (startsecs)
2024-11-26 03:55:31,963 INFO success: php-fpm entered RUNNING state, process has stayed up for > than 1 seconds (startsecs)
2024-11-26 03:56:55,468 WARN received SIGQUIT indicating exit request
2024-11-26 03:56:55,471 INFO waiting for nginx, php-fpm to die
2024-11-26 03:56:55,479 INFO stopped: php-fpm (exit status 0)
2024-11-26 03:56:55,482 INFO stopped: nginx (exit status 0)
2024-11-26 03:56:55,765 CRIT Supervisor is running as root.  Privileges were not dropped because no user is specified in the config file.  If you intend to run as root, you can set user=root in the config file to avoid this message.
2024-11-26 03:56:55,768 INFO supervisord started with pid 1
2024-11-26 03:56:56,771 INFO spawned: 'nginx' with pid 7
2024-11-26 03:56:56,772 INFO spawned: 'php-fpm' with pid 8
2024-11-26 03:56:57,795 INFO success: nginx entered RUNNING state, process has stayed up for > than 1 seconds (startsecs)
2024-11-26 03:56:57,796 INFO success: php-fpm entered RUNNING state, process has stayed up for > than 1 seconds (startsecs)
2024-11-26 04:00:56,582 WARN received SIGQUIT indicating exit request
2024-11-26 04:00:56,583 INFO waiting for nginx, php-fpm to die
2024-11-26 04:00:56,588 INFO stopped: php-fpm (exit status 0)
2024-11-26 04:00:56,590 INFO stopped: nginx (exit status 0)
2024-11-26 04:00:56,895 CRIT Supervisor is running as root.  Privileges were not dropped because no user is specified in the config file.  If you intend to run as root, you can set user=root in the config file to avoid this message.
2024-11-26 04:00:56,897 INFO supervisord started with pid 1
2024-11-26 04:00:57,900 INFO spawned: 'nginx' with pid 7
2024-11-26 04:00:57,901 INFO spawned: 'php-fpm' with pid 8
2024-11-26 04:00:58,920 INFO success: nginx entered RUNNING state, process has stayed up for > than 1 seconds (startsecs)
2024-11-26 04:00:58,921 INFO success: php-fpm entered RUNNING state, process has stayed up for > than 1 seconds (startsecs)
2024-11-26 04:03:13,964 WARN received SIGQUIT indicating exit request
2024-11-26 04:03:13,965 INFO waiting for nginx, php-fpm to die
2024-11-26 04:03:13,972 INFO stopped: php-fpm (exit status 0)
2024-11-26 04:03:13,975 INFO stopped: nginx (exit status 0)
2024-11-26 04:03:14,293 CRIT Supervisor is running as root.  Privileges were not dropped because no user is specified in the config file.  If you intend to run as root, you can set user=root in the config file to avoid this message.
2024-11-26 04:03:14,296 INFO supervisord started with pid 1
2024-11-26 04:03:15,297 INFO spawned: 'nginx' with pid 7
2024-11-26 04:03:15,298 INFO spawned: 'php-fpm' with pid 8
2024-11-26 04:03:16,319 INFO success: nginx entered RUNNING state, process has stayed up for > than 1 seconds (startsecs)
2024-11-26 04:03:16,319 INFO success: php-fpm entered RUNNING state, process has stayed up for > than 1 seconds (startsecs)
2024-11-26 04:09:44,176 WARN received SIGQUIT indicating exit request
2024-11-26 04:09:44,179 INFO waiting for nginx, php-fpm to die
2024-11-26 04:09:44,191 INFO stopped: php-fpm (exit status 0)
2024-11-26 04:09:44,194 INFO stopped: nginx (exit status 0)
2024-12-10 18:49:24,896 CRIT Supervisor is running as root.  Privileges were not dropped because no user is specified in the config file.  If you intend to run as root, you can set user=root in the config file to avoid this message.
2024-12-10 18:49:24,898 INFO supervisord started with pid 1
2024-12-10 18:49:25,904 INFO spawned: 'nginx' with pid 7
2024-12-10 18:49:25,905 INFO spawned: 'php-fpm' with pid 8
2024-12-10 18:49:26,944 INFO success: nginx entered RUNNING state, process has stayed up for > than 1 seconds (startsecs)
2024-12-10 18:49:26,945 INFO success: php-fpm entered RUNNING state, process has stayed up for > than 1 seconds (startsecs)
